// Jest Snapshot v1, https://goo.gl/fbAQLP

exports[`JWT interceptor should reject queued requests if refresh fails 1`] = `[AxiosError: Request failed with status code 500]`;

exports[`JWT interceptor should reject queued requests if refresh fails 2`] = `[AxiosError: Request failed with status code 500]`;

exports[`JWT interceptor should reject queued requests if refresh fails 3`] = `[AxiosError: Request failed with status code 500]`;

exports[`JWT interceptor should reject requests if refresh fails 1`] = `[AxiosError: Request failed with status code 500]`;

exports[`JWT interceptor should reject requests if refresh fails 2`] = `[AxiosError: Request failed with status code 500]`;

exports[`JWT interceptor should reject requests if refresh fails 3`] = `[AxiosError: Request failed with status code 500]`;
